I'm sorry, but errors were detected in your script. Please correct the
errors listed below, and try again.


File "game/script.rpy", line 66: expected 'image_name_component' not found.
    hide
        ^

Ren'Py Version: Ren'Py 7.3.0.271
Sat May 30 15:17:18 2020
